/*
 * Copyright (C) 2023-2025 PostGraphDB
 *
 * This program is free software: you can redistribute it and/or modify
 * it under the terms of the GNU Affero General Public License as
 * published by the Free Software Foundation, either version 3 of the
 * License, or (at your option) any later version.
 *
 * This program is distributed in the hope that it will be useful,
 * but WITHOUT ANY WARRANTY; without even the implied warranty of
 * MERCHANTABILITY or FITNESS FOR A PARTICULAR PURPOSE.  See the
 * GNU Affero General Public License for more details.
 *
 * You should have received a copy of the GNU Affero General Public License
 * along with this program.  If not, see <https://www.gnu.org/licenses/>.
 */ 
LOAD 'postgraph';
CREATE GRAPH load_csv;
NOTICE:  graph "load_csv" has been created
 create_graph 
--------------
 
(1 row)

USE GRAPH load_csv;
 use_graph 
-----------
 
(1 row)

CYPHER LOAD CSV '~/postgraph/regress/test.csv'
RETURN *;
--
(0 rows)

DROP GRAPH load_csv CASCADE;
NOTICE:  drop cascades to 2 other objects
DETAIL:  drop cascades to table load_csv._ag_label_vertex
drop cascades to table load_csv._ag_label_edge
NOTICE:  graph "load_csv" has been dropped
 drop_graph 
------------
 
(1 row)

