/*
 * Copyright (C) 2023 PostGraphDB
 *  
 * This program is free software: you can redistribute it and/or modify
 * it under the terms of the GNU Affero General Public License as
 * published by the Free Software Foundation, either version 3 of the
 * License, or (at your option) any later version.
 *  
 * This program is distributed in the hope that it will be useful,
 * but WITHOUT ANY WARRANTY; without even the implied warranty of
 * MERCHANTABILITY or FITNESS FOR A PARTICULAR PURPOSE.  See the
 * GNU Affero General Public License for more details.
 *
 * You should have received a copy of the GNU Affero General Public License
 * along with this program.  If not, see <https://www.gnu.org/licenses/>.
 */
LOAD 'postgraph';
SET search_path TO postgraph;
SELECT create_graph('network');
NOTICE:  graph "network" has been created
 create_graph 
--------------
 
(1 row)

--
-- inet
--
SELECT * FROM cypher('network', $$ RETURN toinet('192.168.1.5') $$) as (i gtype);
      i      
-------------
 192.168.1.5
(1 row)

SELECT * FROM cypher('network', $$ RETURN toinet('192.168.1/24') $$) as (i gtype);
       i        
----------------
 192.168.1.0/24
(1 row)

SELECT * FROM cypher('network', $$ RETURN toinet('::ffff:fff0:1') $$) as (i gtype);
         i          
--------------------
 ::ffff:255.240.0.1
(1 row)

SELECT * FROM cypher('network', $$ RETURN '192.168.1.5'::inet $$) as (i gtype);
      i      
-------------
 192.168.1.5
(1 row)

SELECT * FROM cypher('network', $$ RETURN '192.168.1/24'::inet $$) as (i gtype);
       i        
----------------
 192.168.1.0/24
(1 row)

SELECT * FROM cypher('network', $$ RETURN '::ffff:fff0:1'::inet $$) as (i gtype);
         i          
--------------------
 ::ffff:255.240.0.1
(1 row)

SELECT '192.168.1.5'::gtype;
    gtype    
-------------
 192.168.1.5
(1 row)

SELECT '192.168.1.5/24'::gtype;
     gtype      
----------------
 192.168.1.5/24
(1 row)

SELECT * FROM cypher('network', $$ RETURN 192.168.1.5 $$) as (i gtype);
ERROR:  syntax error at or near ".1"
LINE 1: SELECT * FROM cypher('network', $$ RETURN 192.168.1.5 $$) as...
                                                         ^
--
-- cidr
--
SELECT * FROM cypher('network', $$ RETURN tocidr('192.168.1.5') $$) as (i gtype);
       i        
----------------
 192.168.1.5/32
(1 row)

SELECT * FROM cypher('network', $$ RETURN tocidr('192.168.1/24') $$) as (i gtype);
       i        
----------------
 192.168.1.0/24
(1 row)

SELECT * FROM cypher('network', $$ RETURN tocidr('::ffff:fff0:1') $$) as (i gtype);
           i            
------------------------
 ::ffff:255.240.0.1/128
(1 row)

SELECT * FROM cypher('network', $$ RETURN '192.168.1.5'::cidr $$) as (i gtype);
       i        
----------------
 192.168.1.5/32
(1 row)

SELECT * FROM cypher('network', $$ RETURN '192.168.1/24'::cidr $$) as (i gtype);
       i        
----------------
 192.168.1.0/24
(1 row)

SELECT * FROM cypher('network', $$ RETURN '::ffff:fff0:1'::cidr $$) as (i gtype);
           i            
------------------------
 ::ffff:255.240.0.1/128
(1 row)

--
-- macaddr
--
SELECT * FROM cypher('network', $$ RETURN tomacaddr('12:34:56:78:90:ab') $$) as (i gtype);
         i         
-------------------
 12:34:56:78:90:ab
(1 row)

SELECT * FROM cypher('network', $$ RETURN '12:34:56:78:90:ab'::macaddr $$) as (i gtype);
         i         
-------------------
 12:34:56:78:90:ab
(1 row)

--
-- macaddr8
--
SELECT * FROM cypher('network', $$ RETURN tomacaddr8('12:34:56:78:90:ab:cd:ef') $$) as (i gtype);
            i            
-------------------------
 12:34:56:78:90:ab:cd:ef
(1 row)

SELECT * FROM cypher('network', $$ RETURN '12:34:56:78:90:ab:cd:ef'::macaddr8 $$) as (i gtype);
            i            
-------------------------
 12:34:56:78:90:ab:cd:ef
(1 row)

--
-- inet typecasting
--
-- PG inet -> gtype inet
SELECT '192.168.1.5'::inet::gtype;
    gtype    
-------------
 192.168.1.5
(1 row)

-- gtype inet -> PG inet
SELECT toinet('"192.168.1.5"'::gtype)::inet;
   toinet    
-------------
 192.168.1.5
(1 row)

-- inet -> inet
SELECT * FROM cypher('network', $$ RETURN toinet('::ffff:fff0:1')::inet $$) as (i gtype);
         i          
--------------------
 ::ffff:255.240.0.1
(1 row)

-- string -> inet
SELECT '"192.168.1.5"'::gtype::inet;
    inet     
-------------
 192.168.1.5
(1 row)

-- type coercion
SELECT * FROM cypher('network', $$ RETURN toinet('192.168.1.5') $$) as (i inet);
      i      
-------------
 192.168.1.5
(1 row)

SELECT * FROM cypher('network', $$ RETURN '192.168.1.5'::inet $$) as (i inet);
      i      
-------------
 192.168.1.5
(1 row)

SELECT * FROM cypher('network', $$ RETURN '192.168.1.5' $$) as (i inet);
      i      
-------------
 192.168.1.5
(1 row)

--
-- cidr typecasting
--
-- PG cidr -> gtype cidr
SELECT '192.168.1.5'::cidr::gtype;
ERROR:  cannot cast type cidr to gtype
LINE 1: SELECT '192.168.1.5'::cidr::gtype;
                                  ^
-- gtype cidr -> PG cidr
SELECT tocidr('"192.168.1.5"'::gtype)::cidr;
     tocidr     
----------------
 192.168.1.5/32
(1 row)

-- cidr -> cidr
SELECT * FROM cypher('network', $$ RETURN tocidr('::ffff:fff0:1')::cidr $$) as (i gtype);
           i            
------------------------
 ::ffff:255.240.0.1/128
(1 row)

-- type coercion
SELECT * FROM cypher('network', $$ RETURN tocidr('192.168.1.5') $$) as (i cidr);
       i        
----------------
 192.168.1.5/32
(1 row)

SELECT * FROM cypher('network', $$ RETURN '192.168.1.5'::cidr $$) as (i cidr);
       i        
----------------
 192.168.1.5/32
(1 row)

SELECT * FROM cypher('network', $$ RETURN '192.168.1.5' $$) as (i cidr);
       i        
----------------
 192.168.1.5/32
(1 row)

--
-- macaddr typecasting
--
-- macaddr -> macaddr
SELECT * FROM cypher('network', $$ RETURN tomacaddr('12:34:56:78:90:ab')::macaddr $$) as (i gtype);
         i         
-------------------
 12:34:56:78:90:ab
(1 row)

-- macaddr8 -> macaddr
SELECT * FROM cypher('network', $$ RETURN tomacaddr8('12:34:56:FF:FE:ab:cd:ef')::macaddr $$) as (i gtype);
         i         
-------------------
 12:34:56:ab:cd:ef
(1 row)

--
-- macaddr8 typecasting
--
-- macaddr8 -> macaddr8
SELECT * FROM cypher('network', $$ RETURN tomacaddr8('12:34:56:78:90:ab')::macaddr8 $$) as (i gtype);
            i            
-------------------------
 12:34:56:ff:fe:78:90:ab
(1 row)

-- macaddr -> macaddr8
SELECT * FROM cypher('network', $$ RETURN tomacaddr('12:34:56:78:90:ab')::macaddr8 $$) as (i gtype);
            i            
-------------------------
 12:34:56:ff:fe:78:90:ab
(1 row)

--
-- inet + integer
--
SELECT * FROM cypher('network', $$ RETURN toinet('192.168.1.5') + 10 $$) as (i gtype);
      i       
--------------
 192.168.1.15
(1 row)

--
-- inet - integer
--
SELECT * FROM cypher('network', $$ RETURN toinet('192.168.1.5') - 10 $$) as (i gtype);
       i       
---------------
 192.168.0.251
(1 row)

--
-- integer + inet
--
SELECT * FROM cypher('network', $$ RETURN 10 + toinet('192.168.1.5') $$) as (i gtype);
      i       
--------------
 192.168.1.15
(1 row)

--
-- inet - inet
--
SELECT * FROM cypher('network', $$ RETURN toinet('192.168.1.5') - toinet('192.168.1.0') $$) as (i gtype);
 i 
---
 5
(1 row)

--
-- ~ inet
--
SELECT * FROM cypher('network', $$ RETURN ~ toinet('192.168.1.5') $$) as (i gtype);
       i       
---------------
 63.87.254.250
(1 row)

--
-- inet & inet
--
SELECT * FROM cypher('network', $$ RETURN '10.1.0.0/32'::inet & toinet('192.168.1.5') $$) as (i gtype);
    i    
---------
 0.0.0.0
(1 row)

SELECT * FROM cypher('network', $$ RETURN '192.168.1.5'::inet & toinet('192.168.1.5') $$) as (i gtype);
      i      
-------------
 192.168.1.5
(1 row)

--
-- inet | inet
--
SELECT * FROM cypher('network', $$ RETURN '10.1.0.0/32'::inet | toinet('192.168.1.5') $$) as (i gtype);
      i      
-------------
 202.169.1.5
(1 row)

SELECT * FROM cypher('network', $$ RETURN '192.168.1.5'::inet | toinet('192.168.1.5') $$) as (i gtype);
      i      
-------------
 192.168.1.5
(1 row)

--
-- inet << inet
--
SELECT * FROM cypher('network', $$ RETURN '192.168.1.5'::inet << toinet('192.168.1/24') $$) as (i gtype);
  i   
------
 true
(1 row)

SELECT * FROM cypher('network', $$ RETURN '192.168.0.5'::inet << toinet('192.168.1/24') $$) as (i gtype);
   i   
-------
 false
(1 row)

SELECT * FROM cypher('network', $$ RETURN '192.168.1/24'::inet << toinet('192.168.1/24') $$) as (i gtype);
   i   
-------
 false
(1 row)

--
-- inet <<= inet
--
SELECT * FROM cypher('network', $$ RETURN '192.168.1.5'::inet <<= toinet('192.168.1/24') $$) as (i gtype);
  i   
------
 true
(1 row)

SELECT * FROM cypher('network', $$ RETURN '192.168.0.5'::inet <<= toinet('192.168.1/24') $$) as (i gtype);
   i   
-------
 false
(1 row)

SELECT * FROM cypher('network', $$ RETURN '192.168.1/24'::inet <<= toinet('192.168.1/24') $$) as (i gtype);
  i   
------
 true
(1 row)

--
-- inet >> inet
--
SELECT * FROM cypher('network', $$ RETURN '192.168.1.5'::inet >> toinet('192.168.1/24') $$) as (i gtype);
   i   
-------
 false
(1 row)

SELECT * FROM cypher('network', $$ RETURN '192.168.0.5'::inet >> toinet('192.168.1/24') $$) as (i gtype);
   i   
-------
 false
(1 row)

SELECT * FROM cypher('network', $$ RETURN '192.168.1/24'::inet >> toinet('192.168.1/24') $$) as (i gtype);
   i   
-------
 false
(1 row)

--
-- inet >>= inet
--
SELECT * FROM cypher('network', $$ RETURN '192.168.1.5'::inet >>= toinet('192.168.1/24') $$) as (i gtype);
   i   
-------
 false
(1 row)

SELECT * FROM cypher('network', $$ RETURN '192.168.0.5'::inet >>= toinet('192.168.1/24') $$) as (i gtype);
   i   
-------
 false
(1 row)

SELECT * FROM cypher('network', $$ RETURN '192.168.1/24'::inet >>= toinet('192.168.1/24') $$) as (i gtype);
  i   
------
 true
(1 row)

--
-- inet && inet
--
SELECT * FROM cypher('network', $$ RETURN '192.168.1.5'::inet && toinet('192.168.1/24') $$) as (i gtype);
  i   
------
 true
(1 row)

SELECT * FROM cypher('network', $$ RETURN '192.168.0.5'::inet && toinet('192.168.1/24') $$) as (i gtype);
   i   
-------
 false
(1 row)

SELECT * FROM cypher('network', $$ RETURN '192.168.1/24'::inet && toinet('192.168.1/24') $$) as (i gtype);
  i   
------
 true
(1 row)

--
-- abbrev
--
SELECT * FROM cypher('network', $$ RETURN abbrev('192.168.1.5'::inet) $$) as (i gtype);
       i       
---------------
 "192.168.1.5"
(1 row)

SELECT * FROM cypher('network', $$ RETURN abbrev('192.168.1/24'::inet) $$) as (i gtype);
        i         
------------------
 "192.168.1.0/24"
(1 row)

SELECT * FROM cypher('network', $$ RETURN abbrev('::ffff:fff0:1'::inet) $$) as (i gtype);
          i           
----------------------
 "::ffff:255.240.0.1"
(1 row)

SELECT * FROM cypher('network', $$ RETURN abbrev('10.1.0.0/32'::inet) $$) as (i gtype);
     i      
------------
 "10.1.0.0"
(1 row)

SELECT * FROM cypher('network', $$ RETURN abbrev('192.168.1.5'::cidr) $$) as (i gtype);
        i         
------------------
 "192.168.1.5/32"
(1 row)

SELECT * FROM cypher('network', $$ RETURN abbrev('192.168.1/24'::cidr) $$) as (i gtype);
       i        
----------------
 "192.168.1/24"
(1 row)

SELECT * FROM cypher('network', $$ RETURN abbrev('::ffff:fff0:1'::cidr) $$) as (i gtype);
            i             
--------------------------
 "::ffff:255.240.0.1/128"
(1 row)

SELECT * FROM cypher('network', $$ RETURN abbrev('10.1.0.0/32'::cidr) $$) as (i gtype);
       i       
---------------
 "10.1.0.0/32"
(1 row)

SELECT * FROM cypher('network', $$ RETURN abbrev('10.1.0.0/16'::cidr) $$) as (i gtype);
     i     
-----------
 "10.1/16"
(1 row)

--
-- broadcast
--
SELECT * FROM cypher('network', $$ RETURN broadcast('192.168.1.5'::inet) $$) as (i gtype);
      i      
-------------
 192.168.1.5
(1 row)

SELECT * FROM cypher('network', $$ RETURN broadcast('192.168.1/24'::inet) $$) as (i gtype);
        i         
------------------
 192.168.1.255/24
(1 row)

SELECT * FROM cypher('network', $$ RETURN broadcast('::ffff:fff0:1'::inet) $$) as (i gtype);
         i          
--------------------
 ::ffff:255.240.0.1
(1 row)

SELECT * FROM cypher('network', $$ RETURN broadcast('10.1.0.0/32'::inet) $$) as (i gtype);
    i     
----------
 10.1.0.0
(1 row)

--
-- family
--
SELECT * FROM cypher('network', $$ RETURN family('192.168.1.5'::inet) $$) as (i gtype);
 i 
---
 4
(1 row)

SELECT * FROM cypher('network', $$ RETURN family('192.168.1/24'::inet) $$) as (i gtype);
 i 
---
 4
(1 row)

SELECT * FROM cypher('network', $$ RETURN family('::ffff:fff0:1'::inet) $$) as (i gtype);
 i 
---
 6
(1 row)

SELECT * FROM cypher('network', $$ RETURN family('10.1.0.0/32'::inet) $$) as (i gtype);
 i 
---
 4
(1 row)

--
-- host
--
SELECT * FROM cypher('network', $$ RETURN host('192.168.1.5'::inet) $$) as (i gtype);
       i       
---------------
 "192.168.1.5"
(1 row)

SELECT * FROM cypher('network', $$ RETURN host('192.168.1/24'::inet) $$) as (i gtype);
       i       
---------------
 "192.168.1.0"
(1 row)

SELECT * FROM cypher('network', $$ RETURN host('::ffff:fff0:1'::inet) $$) as (i gtype);
          i           
----------------------
 "::ffff:255.240.0.1"
(1 row)

SELECT * FROM cypher('network', $$ RETURN host('10.1.0.0/32'::inet) $$) as (i gtype);
     i      
------------
 "10.1.0.0"
(1 row)

--
-- hostmask
--
SELECT * FROM cypher('network', $$ RETURN hostmask('192.168.1.5'::inet) $$) as (i gtype);
    i    
---------
 0.0.0.0
(1 row)

SELECT * FROM cypher('network', $$ RETURN hostmask('192.168.1/24'::inet) $$) as (i gtype);
     i     
-----------
 0.0.0.255
(1 row)

SELECT * FROM cypher('network', $$ RETURN hostmask('::ffff:fff0:1'::inet) $$) as (i gtype);
 i  
----
 ::
(1 row)

SELECT * FROM cypher('network', $$ RETURN hostmask('10.1.0.0/32'::inet) $$) as (i gtype);
    i    
---------
 0.0.0.0
(1 row)

--
-- inet_merge
--
SELECT * FROM cypher('network', $$ RETURN inet_merge('192.168.1.5/24'::inet, '192.168.2.5/24'::inet) $$) as (i gtype);
       i        
----------------
 192.168.0.0/22
(1 row)

--
-- inet_same_family
--
SELECT * FROM cypher('network', $$ RETURN inet_same_family('192.168.1.5/24'::inet, '192.168.2.5/24'::inet) $$) as (i gtype);
  i   
------
 true
(1 row)

SELECT * FROM cypher('network', $$ RETURN inet_same_family('192.168.1.5/24'::inet, '::1'::inet) $$) as (i gtype);
   i   
-------
 false
(1 row)

--
-- masklen
--
SELECT * FROM cypher('network', $$ RETURN masklen('192.168.1.5'::inet) $$) as (i gtype);
 i 
---
 4
(1 row)

SELECT * FROM cypher('network', $$ RETURN masklen('192.168.1/24'::inet) $$) as (i gtype);
 i 
---
 4
(1 row)

SELECT * FROM cypher('network', $$ RETURN masklen('::ffff:fff0:1'::inet) $$) as (i gtype);
 i 
---
 6
(1 row)

SELECT * FROM cypher('network', $$ RETURN masklen('10.1.0.0/32'::inet) $$) as (i gtype);
 i 
---
 4
(1 row)

--
-- netmask
--
SELECT * FROM cypher('network', $$ RETURN netmask('192.168.1.5'::inet) $$) as (i gtype);
        i        
-----------------
 255.255.255.255
(1 row)

SELECT * FROM cypher('network', $$ RETURN netmask('192.168.1/24'::inet) $$) as (i gtype);
       i       
---------------
 255.255.255.0
(1 row)

SELECT * FROM cypher('network', $$ RETURN netmask('::ffff:fff0:1'::inet) $$) as (i gtype);
                    i                    
-----------------------------------------
 ffff:ffff:ffff:ffff:ffff:ffff:ffff:ffff
(1 row)

SELECT * FROM cypher('network', $$ RETURN netmask('10.1.0.0/32'::inet) $$) as (i gtype);
        i        
-----------------
 255.255.255.255
(1 row)

SELECT * FROM cypher('network', $$ RETURN netmask('192.168.1/8'::inet) $$) as (i gtype);
     i     
-----------
 255.0.0.0
(1 row)

--
-- network
--
SELECT * FROM cypher('network', $$ RETURN network('192.168.1.5'::inet) $$) as (i gtype);
       i        
----------------
 192.168.1.5/32
(1 row)

SELECT * FROM cypher('network', $$ RETURN network('192.168.1/24'::inet) $$) as (i gtype);
       i        
----------------
 192.168.1.0/24
(1 row)

SELECT * FROM cypher('network', $$ RETURN network('::ffff:fff0:1'::inet) $$) as (i gtype);
           i            
------------------------
 ::ffff:255.240.0.1/128
(1 row)

SELECT * FROM cypher('network', $$ RETURN network('10.1.0.0/32'::inet) $$) as (i gtype);
      i      
-------------
 10.1.0.0/32
(1 row)

SELECT * FROM cypher('network', $$ RETURN network('192.168.1/8'::inet) $$) as (i gtype);
      i      
-------------
 192.0.0.0/8
(1 row)

--
-- set_masklen
--
SELECT * FROM cypher('network', $$ RETURN set_masklen('192.168.1.5'::inet, 24) $$) as (i gtype);
       i        
----------------
 192.168.1.5/24
(1 row)

SELECT * FROM cypher('network', $$ RETURN set_masklen('192.168.1/24'::inet, 16) $$) as (i gtype);
       i        
----------------
 192.168.1.0/16
(1 row)

SELECT * FROM cypher('network', $$ RETURN set_masklen('::ffff:fff0:1'::inet, 24) $$) as (i gtype);
           i           
-----------------------
 ::ffff:255.240.0.1/24
(1 row)

SELECT * FROM cypher('network', $$ RETURN set_masklen('10.1.0.0/32'::inet, 8) $$) as (i gtype);
     i      
------------
 10.1.0.0/8
(1 row)

SELECT * FROM cypher('network', $$ RETURN set_masklen('192.168.1/8'::inet, 24) $$) as (i gtype);
       i        
----------------
 192.168.1.0/24
(1 row)

SELECT * FROM cypher('network', $$ RETURN set_masklen('192.168.1.5'::cidr, 24) $$) as (i gtype);
       i        
----------------
 192.168.1.0/24
(1 row)

SELECT * FROM cypher('network', $$ RETURN set_masklen('192.168.1/24'::cidr, 16) $$) as (i gtype);
       i        
----------------
 192.168.0.0/16
(1 row)

SELECT * FROM cypher('network', $$ RETURN set_masklen('::ffff:fff0:1'::cidr, 24) $$) as (i gtype);
   i   
-------
 ::/24
(1 row)

SELECT * FROM cypher('network', $$ RETURN set_masklen('10.1.0.0/32'::cidr, 8) $$) as (i gtype);
     i      
------------
 10.0.0.0/8
(1 row)

SELECT * FROM cypher('network', $$ RETURN set_masklen('192.168.1/8'::cidr, 24) $$) as (i gtype);
ERROR:  invalid cidr value: "192.168.1/8"
DETAIL:  Value has bits set to right of mask.
SELECT * FROM cypher('network', $$ RETURN set_masklen('192.168.1.0/24'::cidr, 16) $$) as (i gtype);
       i        
----------------
 192.168.0.0/16
(1 row)

SELECT * FROM cypher('network', $$ RETURN set_masklen('10.1.0.0/32'::cidr, 4) $$) as (i gtype);
     i     
-----------
 0.0.0.0/4
(1 row)

--
-- abbrev
--
SELECT * FROM cypher('network', $$ RETURN trunc('12:34:56:78:90:ab'::macaddr) $$) as (i gtype);
            i            
-------------------------
 12:34:56:00:00:00:00:00
(1 row)

SELECT * FROM cypher('network', $$ RETURN trunc('12:34:56:78:90:ab:cd:ef'::macaddr8) $$) as (i gtype);
            i            
-------------------------
 12:34:56:00:00:00:00:00
(1 row)

--
-- macaddr8_set7bit
--
SELECT * FROM cypher('network', $$ RETURN macaddr8_set7bit('12:34:56:78:90:ab:cd:ef'::macaddr8) $$) as (i gtype);
            i            
-------------------------
 12:34:56:78:90:ab:cd:ef
(1 row)

SELECT * FROM cypher('network', $$ RETURN macaddr8_set7bit('00:34:56:ab:cd:ef'::macaddr8) $$) as (i gtype);
            i            
-------------------------
 02:34:56:ff:fe:ab:cd:ef
(1 row)

SELECT drop_graph('network', true);
NOTICE:  drop cascades to 2 other objects
DETAIL:  drop cascades to table network._ag_label_vertex
drop cascades to table network._ag_label_edge
NOTICE:  graph "network" has been dropped
 drop_graph 
------------
 
(1 row)

