/*
 * PostGraph
 * Copyright (C) 2023 PostGraphDB
 * 
 * This program is free software: you can redistribute it and/or modify
 * it under the terms of the GNU Affero General Public License as published by
 * the Free Software Foundation, either version 3 of the License, or
 * (at your option) any later version.
 *
 * This program is distributed in the hope that it will be useful,
 * but WITHOUT ANY WARRANTY; without even the implied warranty of
 * MERCHANTABILITY or FITNESS FOR A PARTICULAR PURPOSE.  See the
 * GNU Affero General Public License for more details.
 *
 * You should have received a copy of the GNU Affero General Public License
 * along with this program.  If not, see <http://www.gnu.org/licenses/>.
 */
SET extra_float_digits = 0;
LOAD 'postgraph';
SET search_path TO postgraph;
set timezone TO 'GMT';
SELECT * FROM create_graph('postgis');
NOTICE:  graph "postgis" has been created
 create_graph 
--------------
 
(1 row)

SELECT * FROM cypher('postgis', $$RETURN 'box(1 2, 5 6)'::box2d$$) AS r(c gtype);
      c       
--------------
 BOX(1 2,5 6)
(1 row)

SELECT * FROM cypher('postgis', $$RETURN 'BOX3D(1 2 3, 4 5 6)'::box3d$$) AS r(c gtype);
         c          
--------------------
 BOX3D(1 2 3,4 5 6)
(1 row)

SELECT * FROM cypher('postgis', $$RETURN 'SPHEROID["WGS 84",6378137,298.257223563]'::spheroid$$) AS r(c gtype);
                    c                     
------------------------------------------
 SPHEROID("WGS 84",6378137,298.257223563)
(1 row)

SELECT * FROM drop_graph('postgis', true);
NOTICE:  drop cascades to 2 other objects
DETAIL:  drop cascades to table postgis._ag_label_vertex
drop cascades to table postgis._ag_label_edge
NOTICE:  graph "postgis" has been dropped
 drop_graph 
------------
 
(1 row)

